--- London Network Map ---
stations:
# south stations
waterloo  , 3 , 1
victoria,6,7

# north stations
euston,11,23
st_pancras,5,15 # international

connections:
waterloo -victoria
waterloo- euston  
st_pancras-euston
victoria-st_pancras

--- Beethoven to Part Map ---
stations:
beethoven,1,6
verdi,7,1
albinoni,1,1
handel,3,14
mozart,14,9
part,10,0

connections:
beethoven-handel
handel-mozart
beethoven-verdi
verdi-part
verdi-albinoni
beethoven-albinoni
albinoni-mozart
mozart-part

--- Small to Large Map ---
stations:
small,4,0
large,4,6
00,0,0
01,0,1
02,0,2
03,0,3
04,0,4
05,0,5
10,1,0
11,1,1
12,1,2
13,1,3
14,1,4
15,1,5
20,2,0
21,2,1
22,2,2
23,2,3
24,2,4
25,2,5
30,3,0
31,3,1
32,3,2
33,3,3
34,3,4
35,3,5
36,3,6

connections:
24-25
24-23
23-12
small-32
32-33
33-34
34-35
35-36
36-22
small-10
10-11
10-20
11-12
11-14
12-large
12-03
small-13
13-14
14-15
small-00
00-01
01-02
02-03
03-04
20-21
20-25
21-15
21-22
21-30
22-large
25-30
30-31
31-large
04-05
05-large

--- Two to Four Map ---
stations:
one,1,1
two,2,2
three,3,3
four,4,4
five,5,5
six,6,6

connections:
two-three
five-one
three-one
two-five
one-four
six-two
one-six

--- Jungle to Desert Map ---
stations:
jungle,5,16
green_belt,6,1
village,5,7
mountain,9,16
treetop,0,4
grasslands,15,13
suburbs,4,9
clouds,0,0
wetlands,2,12
farms,11,10
downtown,4,4
metropolis,3,20
industrial,1,18
desert,9,0

connections:
jungle-grasslands
mountain-treetop
clouds-wetlands
downtown-metropolis
green_belt-village
suburbs-clouds
industrial-desert
jungle-farms
village-mountain
wetlands-desert
grasslands-suburbs
jungle-green_belt
farms-downtown
treetop-desert
metropolis-industrial
mountain-wetlands
farms-mountain

--- Bond Square to Space Port Map ---
stations:
bond_square,20,6
apple_avenue,7,7
orange_junction,6,1
space_port,1,11

connections:
bond_square-apple_avenue
apple_avenue-orange_junction
orange_junction-space_port

--- Beginning to Terminus Map ---
stations:
beginning,0,0
near,1,0
far,1,3
terminus,0,3

connections:
beginning-near
beginning-terminus
near-far
terminus-far